PC@DESKTOP-73F0GGP MINGW64 ~/OneDrive/Escritorio/INTRODUCCION INFORMATICA/MOCHILA
$ git status
fatal: not a git repository (or any of the parent directories): .git

PC@DESKTOP-73F0GGP MINGW64 ~/OneDrive/Escritorio/INTRODUCCION INFORMATICA/MOCHILA
$ git config user.name
Stiven Murillo

PC@DESKTOP-73F0GGP MINGW64 ~/OneDrive/Escritorio/INTRODUCCION INFORMATICA/MOCHILA
$ git clone https://github.com/lpasteris/mochilaC4.git
Cloning into 'mochilaC4'...
remote: Enumerating objects: 515, done.
remote: Counting objects: 100% (28/28), done.
remote: Compressing objects: 100% (24/24), done.
remote: Total 515 (delta 6), reused 19 (delta 3), pack-reused 487
Receiving objects: 100% (515/515), 11.15 MiB | 12.47 MiB/s, done.
Resolving deltas: 100% (132/132), done.

PC@DESKTOP-73F0GGP MINGW64 ~/OneDrive/Escritorio/INTRODUCCION INFORMATICA/MOCHILA
$ cd mochilaC4

PC@DESKTOP-73F0GGP MINGW64 ~/OneDrive/Escritorio/INTRODUCCION INFORMATICA/MOCHILA/mochilaC4 (main)
$ git branch Murillo_Stiven

PC@DESKTOP-73F0GGP MINGW64 ~/OneDrive/Escritorio/INTRODUCCION INFORMATICA/MOCHILA/mochilaC4 (main)
$ git checkout Murillo_Stiven
Switched to branch 'Murillo_Stiven'

PC@DESKTOP-73F0GGP MINGW64 ~/OneDrive/Escritorio/INTRODUCCION INFORMATICA/MOCHILA/mochilaC4 (Murillo_Stiven)
$ mkdir Git_y_Github_Murillo_Stiven

PC@DESKTOP-73F0GGP MINGW64 ~/OneDrive/Escritorio/INTRODUCCION INFORMATICA/MOCHILA/mochilaC4 (Murillo_Stiven)
$ cd Git_y_Github_Murillo_Stiven

PC@DESKTOP-73F0GGP MINGW64 ~/OneDrive/Escritorio/INTRODUCCION INFORMATICA/MOCHILA/mochilaC4/Git_y_Github_Murillo_Stiven (Murillo_Stiven)
$ touch respuestas.txt

PC@DESKTOP-73F0GGP MINGW64 ~/OneDrive/Escritorio/INTRODUCCION INFORMATICA/MOCHILA/mochilaC4/Git_y_Github_Murillo_Stiven (Murillo_Stiven)
$ git add .

PC@DESKTOP-73F0GGP MINGW64 ~/OneDrive/Escritorio/INTRODUCCION INFORMATICA/MOCHILA/mochilaC4/Git_y_Github_Murillo_Stiven (Murillo_Stiven)
$ git commit -m "Subida de carpeta"
[Murillo_Stiven dfbf2ce] Subida de carpeta
 1 file changed, 12 insertions(+)
 create mode 100644 Git_y_Github_Murillo_Stiven/respuestas.txt

PC@DESKTOP-73F0GGP MINGW64 ~/OneDrive/Escritorio/INTRODUCCION INFORMATICA/MOCHILA/mochilaC4/Git_y_Github_Murillo_Stiven (Murillo_Stiven)
$ git push origin Murillo_Stiven
Enumerating objects: 5, done.
Counting objects: 100% (5/5), done.
Delta compression using up to 12 threads
Compressing objects: 100% (3/3), done.
Writing objects: 100% (4/4), 618 bytes | 618.00 KiB/s, done.
Total 4 (delta 1), reused 0 (delta 0), pack-reused 0
remote: Resolving deltas: 100% (1/1), completed with 1 local object.
remote:
remote: Create a pull request for 'Murillo_Stiven' on GitHub by visiting:
remote:      https://github.com/lpasteris/mochilaC4/pull/new/Murillo_Stiven
remote:
To https://github.com/lpasteris/mochilaC4.git
 * [new branch]      Murillo_Stiven -> Murillo_Stiven

PC@DESKTOP-73F0GGP MINGW64 ~/OneDrive/Escritorio/INTRODUCCION INFORMATICA/MOCHILA/mochilaC4/Git_y_Github_Murillo_Stiven (Murillo_Stiven)
$ git status
On branch Murillo_Stiven
Untracked files:
  (use "git add <file>..." to include in what will be committed)
        Comandos_de_terminal.pdf

nothing added to commit but untracked files present (use "git add" to track)

PC@DESKTOP-73F0GGP MINGW64 ~/OneDrive/Escritorio/INTRODUCCION INFORMATICA/MOCHILA/mochilaC4/Git_y_Github_Murillo_Stiven (Murillo_Stiven)
$ git add .

PC@DESKTOP-73F0GGP MINGW64 ~/OneDrive/Escritorio/INTRODUCCION INFORMATICA/MOCHILA/mochilaC4/Git_y_Github_Murillo_Stiven (Murillo_Stiven)
$ git commit
hint: Waiting for your editor to close the file... error: cannot spawn code-wait: No such file or directory
error: unable to start editor 'code-wait'
Please supply the message using either -m or -F option.

PC@DESKTOP-73F0GGP MINGW64 ~/OneDrive/Escritorio/INTRODUCCION INFORMATICA/MOCHILA/mochilaC4/Git_y_Github_Murillo_Stiven (Murillo_Stiven)
$ git commit -m "Tabla comandos terminal"
[Murillo_Stiven 50f6ca6] Tabla comandos terminal
 1 file changed, 0 insertions(+), 0 deletions(-)
 create mode 100644 Git_y_Github_Murillo_Stiven/Comandos_de_terminal.pdf

PC@DESKTOP-73F0GGP MINGW64 ~/OneDrive/Escritorio/INTRODUCCION INFORMATICA/MOCHILA/mochilaC4/Git_y_Github_Murillo_Stiven (Murillo_Stiven)
$ git push origin Murillo_Stiven
Enumerating objects: 6, done.
Counting objects: 100% (6/6), done.
Delta compression using up to 12 threads
Compressing objects: 100% (4/4), done.
Writing objects: 100% (4/4), 205.48 KiB | 102.74 MiB/s, done.
Total 4 (delta 1), reused 1 (delta 0), pack-reused 0
remote: Resolving deltas: 100% (1/1), completed with 1 local object.
To https://github.com/lpasteris/mochilaC4.git
   dfbf2ce..50f6ca6  Murillo_Stiven -> Murillo_Stiven

PC@DESKTOP-73F0GGP MINGW64 ~/OneDrive/Escritorio/INTRODUCCION INFORMATICA/MOCHILA/mochilaC4/Git_y_Github_Murillo_Stiven (Murillo_Stiven)
$ git status
On branch Murillo_Stiven
nothing to commit, working tree clean

PC@DESKTOP-73F0GGP MINGW64 ~/OneDrive/Escritorio/INTRODUCCION INFORMATICA/MOCHILA/mochilaC4/Git_y_Github_Murillo_Stiven (Murillo_Stiven)
$ git status
On branch Murillo_Stiven
Untracked files:
  (use "git add <file>..." to include in what will be committed)
        DH-Clase 3-4_agosto_2022/

nothing added to commit but untracked files present (use "git add" to track)

PC@DESKTOP-73F0GGP MINGW64 ~/OneDrive/Escritorio/INTRODUCCION INFORMATICA/MOCHILA/mochilaC4/Git_y_Github_Murillo_Stiven (Murillo_Stiven)
$ git add .

PC@DESKTOP-73F0GGP MINGW64 ~/OneDrive/Escritorio/INTRODUCCION INFORMATICA/MOCHILA/mochilaC4/Git_y_Github_Murillo_Stiven (Murillo_Stiven)
$ git commit -m "Ejercicio peliculas"
[Murillo_Stiven dba2623] Ejercicio peliculas
 21 files changed, 0 insertions(+), 0 deletions(-)
 create mode 100644 Git_y_Github_Murillo_Stiven/DH-Clase 3-4_agosto_2022/Stiven Murillo-Ejercicio clase 3.docx
 create mode 100644 Git_y_Github_Murillo_Stiven/DH-Clase 3-4_agosto_2022/peliculas/accion/cars.jpg
 create mode 100644 Git_y_Github_Murillo_Stiven/DH-Clase 3-4_agosto_2022/peliculas/accion/diario_de_una_pasion.js
 create mode 100644 Git_y_Github_Murillo_Stiven/DH-Clase 3-4_agosto_2022/peliculas/accion/el_hexorcista.xls
 create mode 100644 Git_y_Github_Murillo_Stiven/DH-Clase 3-4_agosto_2022/peliculas/accion/smooth_criminal.txt
 create mode 100644 Git_y_Github_Murillo_Stiven/DH-Clase 3-4_agosto_2022/peliculas/comedia/it.xls
 create mode 100644 Git_y_Github_Murillo_Stiven/DH-Clase 3-4_agosto_2022/peliculas/comedia/madagascar.js
 create mode 100644 Git_y_Github_Murillo_Stiven/DH-Clase 3-4_agosto_2022/peliculas/comedia/mision_imposible.png
 create mode 100644 Git_y_Github_Murillo_Stiven/DH-Clase 3-4_agosto_2022/peliculas/comedia/orgullo_y_prejuicio.txt
 create mode 100644 Git_y_Github_Murillo_Stiven/DH-Clase 3-4_agosto_2022/peliculas/infantiles/el_juego_del_miedo.xls
 create mode 100644 Git_y_Github_Murillo_Stiven/DH-Clase 3-4_agosto_2022/peliculas/infantiles/intenzamente.txt
 create mode 100644 Git_y_Github_Murillo_Stiven/DH-Clase 3-4_agosto_2022/peliculas/infantiles/rapido_y_furioso.pdf
 create mode 100644 Git_y_Github_Murillo_Stiven/DH-Clase 3-4_agosto_2022/peliculas/infantiles/titanic.jpg
 create mode 100644 Git_y_Github_Murillo_Stiven/DH-Clase 3-4_agosto_2022/peliculas/romanticas/annabelle.js
 create mode 100644 Git_y_Github_Murillo_Stiven/DH-Clase 3-4_agosto_2022/peliculas/romanticas/la_mascara.js
 create mode 100644 Git_y_Github_Murillo_Stiven/DH-Clase 3-4_agosto_2022/peliculas/romanticas/los_vengadores.js
 create mode 100644 Git_y_Github_Murillo_Stiven/DH-Clase 3-4_agosto_2022/peliculas/romanticas/pocahontas.jpg
 create mode 100644 Git_y_Github_Murillo_Stiven/DH-Clase 3-4_agosto_2022/peliculas/terror/la_dama_y_el_bagavundo.png
 create mode 100644 Git_y_Github_Murillo_Stiven/DH-Clase 3-4_agosto_2022/peliculas/terror/que_paso_ayer.pdf
 create mode 100644 Git_y_Github_Murillo_Stiven/DH-Clase 3-4_agosto_2022/peliculas/terror/we_will_rock_you.js
 create mode 100644 Git_y_Github_Murillo_Stiven/DH-Clase 3-4_agosto_2022/peliculas/terror/yo_antes_de_ti.xls

PC@DESKTOP-73F0GGP MINGW64 ~/OneDrive/Escritorio/INTRODUCCION INFORMATICA/MOCHILA/mochilaC4/Git_y_Github_Murillo_Stiven (Murillo_Stiven)
$ git push origin Murillo_Stiven
Enumerating objects: 14, done.
Counting objects: 100% (14/14), done.
Delta compression using up to 12 threads
Compressing objects: 100% (11/11), done.
Writing objects: 100% (12/12), 14.43 KiB | 3.61 MiB/s, done.
Total 12 (delta 1), reused 1 (delta 0), pack-reused 0
remote: Resolving deltas: 100% (1/1), completed with 1 local object.
To https://github.com/lpasteris/mochilaC4.git
   50f6ca6..dba2623  Murillo_Stiven -> Murillo_Stiven

PC@DESKTOP-73F0GGP MINGW64 ~/OneDrive/Escritorio/INTRODUCCION INFORMATICA/MOCHILA/mochilaC4/Git_y_Github_Murillo_Stiven (Murillo_Stiven)
$
